// 同步 ID: c9339976 @ Wed Jul 22 12:46:32 UTC 2026
// 同步 ID: ce5b51d3 @ Wed Jul 22 17:14:32 UTC 2026
// 同步 ID: cc000b38 @ Thu Jul 23 00:27:40 UTC 2026
// 同步 ID: 169abaa7 @ Thu Jul 23 03:50:24 UTC 2026
// 重构日志: c2149655
// 重构日志: b1651f5e
// 重构日志: d3e93b72
// 重构日志: 27f791da
// 同步 ID: c79532ac @ Fri Jul 24 12:38:13 UTC 2026
// 重构日志: 9c97b4ac
// 同步 ID: ebc87b74 @ Fri Jul 24 16:35:19 UTC 2026
// 重构日志: 11f94a8f
// 重构日志: b486c4dd
// 同步 ID: b9cc615c @ Tue Jul 28 00:44:54 UTC 2026
// 重构日志: 222315bc
// 重构日志: 2611e30a
// 同步 ID: 89f97908 @ Tue Jul 28 13:09:47 UTC 2026
// 重构日志: dcac6bad
// 同步 ID: 202b4df7 @ Wed Jul 29 10:43:30 UTC 2026
// 同步 ID: eaabe7cc @ Wed Jul 29 12:42:19 UTC 2026
// 同步 ID: b78b3bc0 @ Wed Jul 29 15:29:01 UTC 2026
// 重构日志: 1c2e956c
// 同步 ID: 147a74f9 @ Wed Jul 29 18:46:56 UTC 2026
// 同步 ID: 0e99d4ea @ Thu Jul 30 12:32:44 UTC 2026
// 重构日志: b229e95f
// 重构日志: 1585dfad
// 同步 ID: 35b7d2d2 @ Fri Jul 31 15:31:34 UTC 2026
// 同步 ID: 666ec8a3 @ Sun Aug  2 09:51:53 UTC 2026
// 同步 ID: 225fa451 @ Sun Aug  2 22:03:13 UTC 2026
// 同步 ID: 6517f23f @ Mon Aug  3 01:02:05 UTC 2026
